[    0.000000] Initializing cgroup subsys cpuset
[    0.000000] Initializing cgroup subsys cpu
[    0.000000] Initializing cgroup subsys cpuacct
[    0.000000] Linux version 4.4.0-186-generic (buildd@lcy01-amd64-002) (gcc version 5.4.0 20160609 (Ubuntu 5.4.0-6ubuntu1~16.04.12) ) #216-Ubuntu SMP Wed Jul 1 05:34:05 UTC 2020 (Ubuntu 4.4.0-186.216-generic 4.4.228)
[    0.000000] Command line: BOOT_IMAGE=/boot/vmlinuz-4.4.0-186-generic root=LABEL=cloudimg-rootfs ro console=tty1 console=ttyS0
[    0.000000] KERNEL supported cpus:
[    0.000000]   Intel GenuineIntel
[    0.000000]   AMD AuthenticAMD
[    0.000000]   Centaur CentaurHauls
[    0.000000] [Firmware Bug]: TSC doesn't count with P0 frequency!
[    0.000000] x86/fpu: xstate_offset[2]:  576, xstate_sizes[2]:  256
[    0.000000] x86/fpu: Supporting XSAVE feature 0x01: 'x87 floating point registers'
[    0.000000] x86/fpu: Supporting XSAVE feature 0x02: 'SSE registers'
[    0.000000] x86/fpu: Supporting XSAVE feature 0x04: 'AVX registers'
[    0.000000] x86/fpu: Enabled xstate features 0x7, context size is 832 bytes, using 'standard' format.
[    0.000000] e820: BIOS-provided physical RAM map:
[    0.000000] BIOS-e820: [mem 0x0000000000000000-0x000000000009fbff] usable
[    0.000000] BIOS-e820: [mem 0x000000000009fc00-0x000000000009ffff] reserved
[    0.000000] BIOS-e820: [mem 0x00000000000f0000-0x00000000000fffff] reserved
[    0.000000] BIOS-e820: [mem 0x0000000000100000-0x000000003ffeffff] usable
[    0.000000] BIOS-e820: [mem 0x000000003fff0000-0x000000003fffffff] ACPI data
[    0.000000] BIOS-e820: [mem 0x00000000fec00000-0x00000000fec00fff] reserved
[    0.000000] BIOS-e820: [mem 0x00000000fee00000-0x00000000fee00fff] reserved
[    0.000000] BIOS-e820: [mem 0x00000000fffc0000-0x00000000ffffffff] reserved
[    0.000000] NX (Execute Disable) protection: active
[    0.000000] SMBIOS 2.5 present.
[    0.000000] Hypervisor detected: KVM
[    0.000000] Kernel/User page tables isolation: disabled
[    0.000000] e820: last_pfn = 0x3fff0 max_arch_pfn = 0x400000000
[    0.000000] MTRR: Disabled
[    0.000000] x86/PAT: MTRRs disabled, skipping PAT initialization too.
[    0.000000] CPU MTRRs all blank - virtualized system.
[    0.000000] x86/PAT: Configuration [0-7]: WB  WT  UC- UC  WB  WT  UC- UC  
[    0.000000] found SMP MP-table at [mem 0x0009fff0-0x0009ffff] mapped at [ffff88000009fff0]
[    0.000000] Scanning 1 areas for low memory corruption
[    0.000000] RAMDISK: [mem 0x362e0000-0x37167fff]
[    0.000000] ACPI: Early table checksum verification disabled
[    0.000000] ACPI: RSDP 0x00000000000E0000 000024 (v02 VBOX  )
[    0.000000] ACPI: XSDT 0x000000003FFF0030 00003C (v01 VBOX   VBOXXSDT 00000001 ASL  00000061)
[    0.000000] ACPI: FACP 0x000000003FFF00F0 0000F4 (v04 VBOX   VBOXFACP 00000001 ASL  00000061)
[    0.000000] ACPI: DSDT 0x000000003FFF0470 002325 (v02 VBOX   VBOXBIOS 00000002 INTL 20100528)
[    0.000000] ACPI: FACS 0x000000003FFF0200 000040
[    0.000000] ACPI: FACS 0x000000003FFF0200 000040
[    0.000000] ACPI: APIC 0x000000003FFF0240 00005C (v02 VBOX   VBOXAPIC 00000001 ASL  00000061)
[    0.000000] ACPI: SSDT 0x000000003FFF02A0 0001CC (v01 VBOX   VBOXCPUT 00000002 INTL 20100528)
[    0.000000] No NUMA configuration found
[    0.000000] Faking a node at [mem 0x0000000000000000-0x000000003ffeffff]
[    0.000000] NODE_DATA(0) allocated [mem 0x3ffeb000-0x3ffeffff]
[    0.000000] kvm-clock: Using msrs 4b564d01 and 4b564d00
[    0.000000] kvm-clock: cpu 0, msr 0:3ffe3001, primary cpu clock
[    0.000000] kvm-clock: using sched offset of 3672624341 cycles
[    0.000000] clocksource: kvm-clock: mask: 0xffffffffffffffff max_cycles: 0x1cd42e4dffb, max_idle_ns: 881590591483 ns
[    0.000000] Zone ranges:
[    0.000000]   DMA      [mem 0x0000000000001000-0x0000000000ffffff]
[    0.000000]   DMA32    [mem 0x0000000001000000-0x000000003ffeffff]
[    0.000000]   Normal   empty
[    0.000000]   Device   empty
[    0.000000] Movable zone start for each node
[    0.000000] Early memory node ranges
[    0.000000]   node   0: [mem 0x0000000000001000-0x000000000009efff]
[    0.000000]   node   0: [mem 0x0000000000100000-0x000000003ffeffff]
[    0.000000] Initmem setup node 0 [mem 0x0000000000001000-0x000000003ffeffff]
[    0.000000] ACPI: PM-Timer IO Port: 0x4008
[    0.000000] IOAPIC[0]: apic_id 2, version 32, address 0xfec00000, GSI 0-23
[    0.000000] ACPI: INT_SRC_OVR (bus 0 bus_irq 0 global_irq 2 dfl dfl)
[    0.000000] ACPI: INT_SRC_OVR (bus 0 bus_irq 9 global_irq 9 low level)
[    0.000000] Using ACPI (MADT) for SMP configuration information
[    0.000000] smpboot: Allowing 2 CPUs, 0 hotplug CPUs
[    0.000000] PM: Registered nosave memory: [mem 0x00000000-0x00000fff]
[    0.000000] PM: Registered nosave memory: [mem 0x0009f000-0x0009ffff]
[    0.000000] PM: Registered nosave memory: [mem 0x000a0000-0x000effff]
[    0.000000] PM: Registered nosave memory: [mem 0x000f0000-0x000fffff]
[    0.000000] e820: [mem 0x40000000-0xfebfffff] available for PCI devices
[    0.000000] Booting paravirtualized kernel on KVM
[    0.000000] clocksource: refined-jiffies: mask: 0xffffffff max_cycles: 0xffffffff, max_idle_ns: 7645519600211568 ns
[    0.000000] setup_percpu: NR_CPUS:512 nr_cpumask_bits:512 nr_cpu_ids:2 nr_node_ids:1
[    0.000000] PERCPU: Embedded 33 pages/cpu @ffff88003fc00000 s95512 r8192 d31464 u1048576
[    0.000000] Built 1 zonelists in Node order, mobility grouping on.  Total pages: 257912
[    0.000000] Policy zone: DMA32
[    0.000000] Kernel command line: BOOT_IMAGE=/boot/vmlinuz-4.4.0-186-generic root=LABEL=cloudimg-rootfs ro console=tty1 console=ttyS0
[    0.000000] PID hash table entries: 4096 (order: 3, 32768 bytes)
[    0.000000] Memory: 997664K/1048120K available (8636K kernel code, 1337K rwdata, 4040K rodata, 1492K init, 1296K bss, 50456K reserved, 0K cma-reserved)
[    0.000000] SLUB: HWalign=64, Order=0-3, MinObjects=0, CPUs=2, Nodes=1
[    0.000000] Hierarchical RCU implementation.
[    0.000000] 	Build-time adjustment of leaf fanout to 64.
[    0.000000] 	RCU restricting CPUs from NR_CPUS=512 to nr_cpu_ids=2.
[    0.000000] RCU: Adjusting geometry for rcu_fanout_leaf=64, nr_cpu_ids=2
[    0.000000] NR_IRQS:33024 nr_irqs:440 16
[    0.000000] Console: colour VGA+ 80x25
[    0.000000] console [tty1] enabled
[    0.000000] console [ttyS0] enabled
[    0.000000] tsc: Detected 2994.376 MHz processor
[    0.174519] Calibrating delay loop (skipped) preset value.. 5988.75 BogoMIPS (lpj=11977504)
[    0.176480] pid_max: default: 32768 minimum: 301
[    0.177522] ACPI: Core revision 20150930
[    0.179584] ACPI: 2 ACPI AML tables successfully acquired and loaded
[    0.181071] Security Framework initialized
[    0.182022] Yama: becoming mindful.
[    0.182891] AppArmor: AppArmor initialized
[    0.183914] Dentry cache hash table entries: 131072 (order: 8, 1048576 bytes)
[    0.185553] Inode-cache hash table entries: 65536 (order: 7, 524288 bytes)
[    0.188013] Mount-cache hash table entries: 2048 (order: 2, 16384 bytes)
[    0.189423] Mountpoint-cache hash table entries: 2048 (order: 2, 16384 bytes)
[    0.191050] Initializing cgroup subsys io
[    0.192000] Initializing cgroup subsys memory
[    0.193005] Initializing cgroup subsys devices
[    0.194026] Initializing cgroup subsys freezer
[    0.195139] Initializing cgroup subsys net_cls
[    0.196235] Initializing cgroup subsys perf_event
[    0.197287] Initializing cgroup subsys net_prio
[    0.198323] Initializing cgroup subsys hugetlb
[    0.199339] Initializing cgroup subsys pids
[    0.208360] mce: CPU supports 0 MCE banks
[    0.209367] Last level iTLB entries: 4KB 1024, 2MB 1024, 4MB 512
[    0.210664] Last level dTLB entries: 4KB 2048, 2MB 2048, 4MB 1024, 1GB 0
[    0.212035] Spectre V1 : Mitigation: usercopy/swapgs barriers and __user pointer sanitization
[    0.213947] Spectre V2 : Spectre mitigation: LFENCE not serializing, switching to generic retpoline
[    0.215915] Spectre V2 : Mitigation: Full generic retpoline
[    0.217105] Spectre V2 : Spectre v2 / SpectreRSB mitigation: Filling RSB on context switch
[    0.218947] Speculative Store Bypass: Mitigation: Speculative Store Bypass disabled via prctl and seccomp
[    0.224255] Freeing SMP alternatives memory: 36K
[    0.233121] ftrace: allocating 32334 entries in 127 pages
[    0.311196] smpboot: APIC(0) Converting physical 0 to logical package 0
[    0.312667] smpboot: Max logical packages: 1
[    0.314019] x2apic enabled
[    0.315234] Switched APIC routing to physical x2apic.
[    0.317765] ..TIMER: vector=0x30 apic1=0 pin1=2 apic2=-1 pin2=-1
[    0.427161] APIC calibration not consistent with PM-Timer: 101ms instead of 100ms
[    0.430133] APIC delta adjusted to PM-Timer: 6446023 (6572313)
[    0.432806] smpboot: CPU0: AMD Ryzen 5 4600H with Radeon Graphics (family: 0x17, model: 0x60, stepping: 0x1)
[    0.436987] Performance Events: Broken PMU hardware detected, using software events only.
[    0.440474] Failed to access perfctr msr (MSR c0010007 is 0)
[    0.458096] KVM setup paravirtual spinlock
[    0.461182] x86: Booting SMP configuration:
[    0.462980] .... node  #0, CPUs:      #1
[    0.464816] kvm-clock: cpu 1, msr 0:3ffe3041, secondary cpu clock
[    0.474918] mce: CPU supports 0 MCE banks
[    0.478015] x86: Booted up 1 node, 2 CPUs
[    0.480197] smpboot: Total of 2 processors activated (11977.50 BogoMIPS)
[    0.483510] devtmpfs: initialized
[    0.488983] evm: security.selinux
[    0.490545] evm: security.SMACK64
[    0.492112] evm: security.SMACK64EXEC
[    0.493714] evm: security.SMACK64TRANSMUTE
[    0.495517] evm: security.SMACK64MMAP
[    0.497193] evm: security.ima
[    0.498615] evm: security.capability
[    0.501773] clocksource: jiffies: mask: 0xffffffff max_cycles: 0xffffffff, max_idle_ns: 7645041785100000 ns
[    0.505708] futex hash table entries: 512 (order: 3, 32768 bytes)
[    0.508294] pinctrl core: initialized pinctrl subsystem
[    0.510678] RTC time:  6:52:44, date: 07/29/20
[    0.513074] NET: Registered protocol family 16
[    0.528304] cpuidle: using governor ladder
[    0.541098] cpuidle: using governor menu
[    0.542767] PCCT header not found.
[    0.544894] ACPI: bus type PCI registered
[    0.546608] acpiphp: ACPI Hot Plug PCI Controller Driver version: 0.5
[    0.549143] PCI: Using configuration type 1 for base access
[    0.551287] PCI: Using configuration type 1 for extended access
[    0.568446] ACPI: Added _OSI(Module Device)
[    0.570302] ACPI: Added _OSI(Processor Device)
[    0.572181] ACPI: Added _OSI(3.0 _SCP Extensions)
[    0.574175] ACPI: Added _OSI(Processor Aggregator Device)
[    0.577436] ACPI: Executed 1 blocks of module-level executable AML code
[    0.583637] ACPI: Interpreter enabled
[    0.585476] ACPI: (supports S0 S5)
[    0.587042] ACPI: Using IOAPIC for interrupt routing
[    0.589348] PCI: Using host bridge windows from ACPI; if necessary, use "pci=nocrs" and report a bug
[    0.599522] ACPI: PCI Root Bridge [PCI0] (domain 0000 [bus 00-ff])
[    0.602122] acpi PNP0A03:00: _OSC: OS supports [ExtendedConfig ASPM ClockPM Segments MSI]
[    0.606027] acpi PNP0A03:00: _OSC: platform does not support [PCIeCapability]
[    0.607841] acpi PNP0A03:00: _OSC: not requesting control; platform does not support [PCIeCapability]
[    0.609911] acpi PNP0A03:00: _OSC: OS requested [PCIeHotplug PME AER PCIeCapability]
[    0.611907] acpi PNP0A03:00: _OSC: platform willing to grant [PCIeHotplug PME AER]
[    0.625159] acpi PNP0A03:00: _OSC failed (AE_SUPPORT); disabling ASPM
[    0.627212] PCI host bridge to bus 0000:00
[    0.628442] pci_bus 0000:00: root bus resource [io  0x0000-0x0cf7 window]
[    0.630185] pci_bus 0000:00: root bus resource [io  0x0d00-0xffff window]
[    0.631657] pci_bus 0000:00: root bus resource [mem 0x000a0000-0x000bffff window]
[    0.633791] pci_bus 0000:00: root bus resource [mem 0x40000000-0xfdffffff window]
[    0.635666] pci_bus 0000:00: root bus resource [bus 00-ff]
[    0.639207] pci 0000:00:01.1: legacy IDE quirk: reg 0x10: [io  0x01f0-0x01f7]
[    0.640932] pci 0000:00:01.1: legacy IDE quirk: reg 0x14: [io  0x03f6]
[    0.642404] pci 0000:00:01.1: legacy IDE quirk: reg 0x18: [io  0x0170-0x0177]
[    0.643931] pci 0000:00:01.1: legacy IDE quirk: reg 0x1c: [io  0x0376]
[    0.662182] pci 0000:00:07.0: quirk: [io  0x4000-0x403f] claimed by PIIX4 ACPI
[    0.664139] pci 0000:00:07.0: quirk: [io  0x4100-0x410f] claimed by PIIX4 SMB
[    0.676384] ACPI: PCI Interrupt Link [LNKA] (IRQs 5 9 10 *11)
[    0.678438] ACPI: PCI Interrupt Link [LNKB] (IRQs 5 9 *10 11)
[    0.680277] ACPI: PCI Interrupt Link [LNKC] (IRQs 5 *9 10 11)
[    0.682100] ACPI: PCI Interrupt Link [LNKD] (IRQs 5 9 10 *11)
[    0.683975] ACPI: Enabled 2 GPEs in block 00 to 07
[    0.685589] vgaarb: setting as boot device: PCI:0000:00:02.0
[    0.686841] vgaarb: device added: PCI:0000:00:02.0,decodes=io+mem,owns=io+mem,locks=none
[    0.688754] vgaarb: loaded
[    0.689506] vgaarb: bridge control possible 0000:00:02.0
[    0.690958] SCSI subsystem initialized
[    0.691988] ACPI: bus type USB registered
[    0.692984] usbcore: registered new interface driver usbfs
[    0.694227] usbcore: registered new interface driver hub
[    0.695409] usbcore: registered new device driver usb
[    0.696730] PCI: Using ACPI for IRQ routing
[    0.698107] NetLabel: Initializing
[    0.698978] NetLabel:  domain hash size = 128
[    0.700011] NetLabel:  protocols = UNLABELED CIPSOv4
[    0.701161] NetLabel:  unlabeled traffic allowed by default
[    0.702494] amd_nb: Cannot enumerate AMD northbridges
[    0.703786] clocksource: Switched to clocksource kvm-clock
[    0.712564] AppArmor: AppArmor Filesystem Enabled
[    0.713777] pnp: PnP ACPI init
[    0.715486] pnp: PnP ACPI: found 3 devices
[    0.725516] clocksource: acpi_pm: mask: 0xffffff max_cycles: 0xffffff, max_idle_ns: 2085701024 ns
[    0.727725] NET: Registered protocol family 2
[    0.729021] TCP established hash table entries: 8192 (order: 4, 65536 bytes)
[    0.730569] TCP bind hash table entries: 8192 (order: 5, 131072 bytes)
[    0.732006] TCP: Hash tables configured (established 8192 bind 8192)
[    0.733409] UDP hash table entries: 512 (order: 2, 16384 bytes)
[    0.734754] UDP-Lite hash table entries: 512 (order: 2, 16384 bytes)
[    0.736161] NET: Registered protocol family 1
[    0.737195] pci 0000:00:00.0: Limiting direct PCI/PCI transfers
[    0.738487] pci 0000:00:01.0: Activating ISA DMA hang workarounds
[    0.740950] Unpacking initramfs...
[    1.040277] Freeing initrd memory: 14880K
[    1.041423] clocksource: tsc: mask: 0xffffffffffffffff max_cycles: 0x2b2984d0609, max_idle_ns: 440795359805 ns
[    1.043757] platform rtc_cmos: registered platform RTC device (no PNP device found)
[    1.046416] Scanning for low memory corruption every 60 seconds
[    1.049690] audit: initializing netlink subsys (disabled)
[    1.051285] audit: type=2000 audit(1596005569.514:1): initialized
[    1.053350] Initialise system trusted keyring
[    1.054789] HugeTLB registered 2 MB page size, pre-allocated 0 pages
[    1.057353] zbud: loaded
[    1.060179] VFS: Disk quotas dquot_6.6.0
[    1.062066] VFS: Dquot-cache hash table entries: 512 (order 0, 4096 bytes)
[    1.064948] squashfs: version 4.0 (2009/01/31) Phillip Lougher
[    1.067579] fuse init (API version 7.23)
[    1.068772] Key type big_key registered
[    1.070221] Allocating IMA MOK and blacklist keyrings.
[    1.073709] Key type asymmetric registered
[    1.074933] Asymmetric key parser 'x509' registered
[    1.076246] Block layer SCSI generic (bsg) driver version 0.4 loaded (major 249)
[    1.078209] io scheduler noop registered
[    1.079196] io scheduler deadline registered (default)
[    1.080418] io scheduler cfq registered
[    1.081576] pci_hotplug: PCI Hot Plug PCI Core version: 0.5
[    1.082829] pciehp: PCI Express Hot Plug Controller Driver version: 0.4
[    1.084464] ACPI: AC Adapter [AC] (off-line)
[    1.086233] input: Power Button as /devices/LNXSYSTM:00/LNXPWRBN:00/input/input0
[    1.089612] ACPI: Power Button [PWRF]
[    1.091308] input: Sleep Button as /devices/LNXSYSTM:00/LNXSLPBN:00/input/input1
[    1.094798] ACPI: Sleep Button [SLPF]
[    1.096797] GHES: HEST is not enabled!
[    1.097905] ACPI: Battery Slot [BAT0] (battery present)
[    1.100785] Serial: 8250/16550 driver, 32 ports, IRQ sharing enabled
[    1.124548] 00:02: ttyS0 at I/O 0x3f8 (irq = 4, base_baud = 115200) is a 16550A
[    1.129584] Linux agpgart interface v0.103
[    1.133234] loop: module loaded
[    1.134867] scsi host0: ata_piix
[    1.136533] scsi host1: ata_piix
[    1.138029] ata1: PATA max UDMA/33 cmd 0x1f0 ctl 0x3f6 bmdma 0xd000 irq 14
[    1.140574] ata2: PATA max UDMA/33 cmd 0x170 ctl 0x376 bmdma 0xd008 irq 15
[    1.143292] libphy: Fixed MDIO Bus: probed
[    1.144687] tun: Universal TUN/TAP device driver, 1.6
[    1.145806] tun: (C) 1999-2004 Max Krasnyansky <maxk@qualcomm.com>
[    1.147204] PPP generic driver version 2.4.2
[    1.148616] ehci_hcd: USB 2.0 'Enhanced' Host Controller (EHCI) Driver
[    1.150025] ehci-pci: EHCI PCI platform driver
[    1.151087] ehci-platform: EHCI generic platform driver
[    1.152355] ohci_hcd: USB 1.1 'Open' Host Controller (OHCI) Driver
[    1.153728] ohci-pci: OHCI PCI platform driver
[    1.154782] ohci-platform: OHCI generic platform driver
[    1.155970] uhci_hcd: USB Universal Host Controller Interface driver
[    1.157430] i8042: PNP: PS/2 Controller [PNP0303:PS2K,PNP0f03:PS2M] at 0x60,0x64 irq 1,12
[    1.159858] serio: i8042 KBD port at 0x60,0x64 irq 1
[    1.161029] serio: i8042 AUX port at 0x60,0x64 irq 12
[    1.162360] mousedev: PS/2 mouse device common for all mice
[    1.164069] input: AT Translated Set 2 keyboard as /devices/platform/i8042/serio0/input/input2
[    1.166438] rtc_cmos rtc_cmos: rtc core: registered rtc_cmos as rtc0
[    1.167869] rtc_cmos rtc_cmos: alarms up to one day, 114 bytes nvram
[    1.169213] i2c /dev entries driver
[    1.170142] device-mapper: uevent: version 1.0.3
[    1.171292] device-mapper: ioctl: 4.34.0-ioctl (2015-10-28) initialised: dm-devel@redhat.com
[    1.173251] ledtrig-cpu: registered to indicate activity on CPUs
[    1.175513] NET: Registered protocol family 10
[    1.177888] NET: Registered protocol family 17
[    1.179825] Key type dns_resolver registered
[    1.182273] registered taskstats version 1
[    1.184000] Loading compiled-in X.509 certificates
[    1.187044] Loaded X.509 cert 'Build time autogenerated kernel key: cef5e81496c0efa51b848ab539e845ddf31c08be'
[    1.190878] zswap: loaded using pool lzo/zbud
[    1.195508] Key type trusted registered
[    1.200939] Key type encrypted registered
[    1.202679] AppArmor: AppArmor sha1 policy hashing enabled
[    1.205014] ima: No TPM chip found, activating TPM-bypass!
[    1.206250] ima: Allocated hash algorithm: sha1
[    1.207387] evm: HMAC attrs: 0x1
[    1.208661]   Magic number: 12:160:874
[    1.209732] rtc_cmos rtc_cmos: setting system clock to 2020-07-29 06:52:44 UTC (1596005564)
[    1.211805] BIOS EDD facility v0.16 2004-Jun-25, 0 devices found
[    1.213154] EDD information not available.
[    1.328343] Freeing unused kernel memory: 1492K
[    1.330308] Write protecting the kernel read-only data: 14336k
[    1.333583] Freeing unused kernel memory: 1592K
[    1.335804] Freeing unused kernel memory: 56K
Loading, please wait...
starting version 229
[    1.363118] random: systemd-udevd: uninitialized urandom read (16 bytes read, 4 bits of entropy available)
[    1.364264] random: udevadm: uninitialized urandom read (16 bytes read, 4 bits of entropy available)
[    1.364299] random: udevadm: uninitialized urandom read (16 bytes read, 4 bits of entropy available)
[    1.374633] random: systemd-udevd: uninitialized urandom read (16 bytes read, 4 bits of entropy available)
[    1.379616] random: systemd-udevd: uninitialized urandom read (16 bytes read, 4 bits of entropy available)
[    1.379967] random: udevadm: uninitialized urandom read (16 bytes read, 4 bits of entropy available)
[    1.380102] random: udevadm: uninitialized urandom read (16 bytes read, 4 bits of entropy available)
[    1.380337] random: udevadm: uninitialized urandom read (16 bytes read, 4 bits of entropy available)
[    1.380422] random: udevadm: uninitialized urandom read (16 bytes read, 4 bits of entropy available)
[    1.380505] random: udevadm: uninitialized urandom read (16 bytes read, 4 bits of entropy available)
[    1.437751] e1000: Intel(R) PRO/1000 Network Driver - version 7.3.21-k8-NAPI
[    1.439229] e1000: Copyright (c) 1999-2006 Intel Corporation.
[    1.443735] Fusion MPT base driver 3.04.20
[    1.445548] Copyright (c) 1999-2008 LSI Corporation
[    1.465348] Fusion MPT SPI Host driver 3.04.20
[    1.474939] AVX2 version of gcm_enc/dec engaged.
[    1.476244] AES CTR mode by8 optimization enabled
[    1.654907] input: ImExPS/2 Generic Explorer Mouse as /devices/platform/i8042/serio1/input/input4
[    1.823873] e1000 0000:00:03.0 eth0: (PCI:33MHz:32-bit) 02:e5:f9:b1:f5:c2
[    1.826414] e1000 0000:00:03.0 eth0: Intel(R) PRO/1000 Network Connection
[    1.829975] mptbase: ioc0: Initiating bringup
[    1.949101] ioc0: LSI53C1030 A0: Capabilities={Initiator}
[    2.117180] scsi host2: ioc0: LSI53C1030 A0, FwRev=00000000h, Ports=1, MaxQ=256, IRQ=20
[    2.248675] scsi 2:0:0:0: Direct-Access     VBOX     HARDDISK         1.0  PQ: 0 ANSI: 5
[    2.252041] scsi target2:0:0: Beginning Domain Validation
[    2.256745] scsi target2:0:0: Domain Validation skipping write tests
[    2.259074] scsi target2:0:0: Ending Domain Validation
[    2.261199] scsi target2:0:0: asynchronous
[    2.263977] scsi 2:0:1:0: Direct-Access     VBOX     HARDDISK         1.0  PQ: 0 ANSI: 5
[    2.267245] scsi target2:0:1: Beginning Domain Validation
[    2.270636] scsi target2:0:1: Domain Validation skipping write tests
[    2.272919] scsi target2:0:1: Ending Domain Validation
[    2.274983] scsi target2:0:1: asynchronous
[    2.297108] sd 2:0:0:0: Attached scsi generic sg0 type 0
[    2.299449] sd 2:0:0:0: [sda] 20971520 512-byte logical blocks: (10.7 GB/10.0 GiB)
[    2.303092] sd 2:0:1:0: Attached scsi generic sg1 type 0
[    2.305371] sd 2:0:1:0: [sdb] 20480 512-byte logical blocks: (10.5 MB/10.0 MiB)
[    2.309172] sd 2:0:1:0: [sdb] Write Protect is off
[    2.311261] sd 2:0:0:0: [sda] Write Protect is off
[    2.313620] sd 2:0:1:0: [sdb] Incomplete mode parameter data
[    2.315869] sd 2:0:1:0: [sdb] Assuming drive cache: write through
[    2.318423] sd 2:0:0:0: [sda] Incomplete mode parameter data
[    2.320701] sd 2:0:0:0: [sda] Assuming drive cache: write through
[    2.376447]  sda: sda1
[    2.379463] sd 2:0:0:0: [sda] Attached SCSI disk
[    2.382561] sd 2:0:1:0: [sdb] Attached SCSI disk
[    2.633148] e1000 0000:00:08.0 eth1: (PCI:33MHz:32-bit) 08:00:27:67:00:82
[    2.635762] e1000 0000:00:08.0 eth1: Intel(R) PRO/1000 Network Connection
[    2.639790] e1000 0000:00:03.0 enp0s3: renamed from eth0
[    2.652739] e1000 0000:00:08.0 enp0s8: renamed from eth1
Begin: Loading essential drivers ... [    4.182829] md: linear personality registered for level -1
[    4.188128] md: multipath personality registered for level -4
[    4.193734] md: raid0 personality registered for level 0
[    4.201040] md: raid1 personality registered for level 1
[    4.275872] raid6: sse2x1   gen()  3957 MB/s
[    4.344270] raid6: sse2x1   xor()  3505 MB/s
[    4.411806] raid6: sse2x2   gen()  8531 MB/s
[    4.480055] raid6: sse2x2   xor()  5366 MB/s
[    4.548489] raid6: sse2x4   gen() 10899 MB/s
[    4.616298] raid6: sse2x4   xor()  6380 MB/s
[    4.683789] raid6: avx2x1   gen() 11910 MB/s
[    4.752261] raid6: avx2x2   gen() 20708 MB/s
[    4.819808] raid6: avx2x4   gen() 20451 MB/s
[    4.820935] raid6: using algorithm avx2x2 gen() 20708 MB/s
[    4.822177] raid6: using avx2x2 recovery algorithm
[    4.825712] xor: automatically using best checksumming function:
[    4.864572]    avx       : 11473.000 MB/sec
[    4.867085] async_tx: api initialized (async)
[    4.878893] md: raid6 personality registered for level 6
[    4.880275] md: raid5 personality registered for level 5
[    4.881578] md: raid4 personality registered for level 4
[    4.890618] md: raid10 personality registered for level 10
done.
Begin: Running /scripts/init-premount ... done.
Begin: Mounting root file system ... Begin: Running /scripts/local-top ... done.
Begin: Running /scripts/local-premount ... [    4.943595] Btrfs loaded
Scanning for Btrfs filesystems
done.
Warning: fsck not present, so skipping root file system
[    4.988183] EXT4-fs (sda1): mounted filesystem with ordered data mode. Opts: (null)
done.
Begin: Running /scripts/local-bottom ... done.
Begin: Running /scripts/init-bottom ... done.
[    5.113620] systemd[1]: systemd 229 running in system mode. (+PAM +AUDIT +SELINUX +IMA +APPARMOR +SMACK +SYSVINIT +UTMP +LIBCRYPTSETUP +GCRYPT +GNUTLS +ACL +XZ -LZ4 +SECCOMP +BLKID +ELFUTILS +KMOD -IDN)
[    5.120359] systemd[1]: Detected virtualization oracle.
[    5.122460] systemd[1]: Detected architecture x86-64.

Welcome to [1mUbuntu 16.04.6 LTS[0m!

[    5.128165] systemd[1]: Set hostname to <ubuntu>.
[    5.132642] systemd[1]: Initializing machine ID from random generator.
[    5.135205] systemd[1]: Installed transient /etc/machine-id file.
[    5.340597] systemd[1]: Started Forward Password Requests to Wall Directory Watch.
[[0;32m  OK  [0m] Started Forward Password Requests to Wall Directory Watch.
[    5.346091] systemd[1]: Listening on Device-mapper event daemon FIFOs.
[[0;32m  OK  [0m] Listening on Device-mapper event daemon FIFOs.
[    5.350480] systemd[1]: Listening on Journal Socket (/dev/log).
[[0;32m  OK  [0m] Listening on Journal Socket (/dev/log).
[    5.354459] systemd[1]: Listening on LVM2 poll daemon socket.
[[0;32m  OK  [0m] Listening on LVM2 poll daemon socket.
[    5.358374] systemd[1]: Listening on Journal Socket.
[[0;32m  OK  [0m] Listening on Journal Socket.
[    5.362390] systemd[1]: Reached target User and Group Name Lookups.
[[0;32m  OK  [0m] Reached target User and Group Name Lookups.
[    5.367380] systemd[1]: Created slice System Slice.
[[0;32m  OK  [0m] Created slice System Slice.
[    5.388777] systemd[1]: Starting Nameserver information manager...
         Starting Nameserver information manager...
[    5.393959] systemd[1]: Starting Create list of required static device nodes for the current kernel...
         Starting Create list of required st... nodes for the current kernel...
[    5.405540] systemd[1]: Mounting Huge Pages File System...
         Mounting Huge Pages File System...
[    5.410247] systemd[1]: Starting Uncomplicated firewall...
         Starting Uncomplicated firewall...
[    5.420176] systemd[1]: Reached target Swap.
[[0;32m  OK  [0m] Reached target Swap.
[    5.423415] systemd[1]: Started Trigger resolvconf update for networkd DNS.
[[0;32m  OK  [0m] Started Trigger resolvconf update for networkd DNS.
[    5.429159] systemd[1]: Mounting POSIX Message Queue File System...
         Mounting POSIX Message Queue File System...
[    5.433757] systemd[1]: Listening on udev Kernel Socket.
[[0;32m  OK  [0m] Listening on udev Kernel Socket.
[    5.438176] systemd[1]: Listening on Syslog Socket.
[[0;32m  OK  [0m] Listening on Syslog Socket.
[    5.441698] systemd[1]: Reached target Encrypted Volumes.
[[0;32m  OK  [0m] Reached target Encrypted Volumes.
[    5.446563] systemd[1]: Starting Remount Root and Kernel File Systems...
         Starting Remount Root and Kernel File Systems...
[    5.451009] systemd[1]: Listening on Journal Audit Socket.
[    5.453553] EXT4-fs (sda1): re-mounted. Opts: (null)
[[0;32m  OK  [0m] Listening on Journal Audit Socket.
[    5.457523] systemd[1]: Starting Journal Service...
         Starting Journal Service...
[    5.461667] systemd[1]: Set up automount Arbitrary Executable File Formats File System Automount Point.
[[0;32m  OK  [0m] Set up automount Arbitrary Executab...ats File System Automount Point.
[    5.472849] systemd[1]: Created slice system-serial\x2dgetty.slice.
[[0;32m  OK  [0m] Created slice system-serial\x2dgetty.slice.
[    5.476063] systemd[1]: Reached target System Time Synchronized.
[[0;32m  OK  [0m] Reached target System Time Synchronized.
[    5.480303] systemd[1]: Listening on LVM2 metadata daemon socket.
[[0;32m  OK  [0m] Listening on LVM2 metadata daemon socket.
[    5.739559] systemd[1]: Starting Load Kernel Modules...
         Starting Load Kernel Modules...
[    5.745401] systemd[1]: Starting Monitoring of LVM2 mirrors, snapshots etc. using dmeventd or progress polling...
         Starting Monitoring of LVM2 mirrors... dmeventd or progress polling...
[    5.752240] systemd[1]: Listening on /dev/initctl Compatibility Named Pipe.
[[0;32m  OK  [0m] Listening on /dev/initctl Compatibility Named Pipe.
[    5.760830] systemd[1]: Created slice User and Session Slice.
[[0;32m  OK  [0m] Created slice User and Session Slice.
[    5.763797] Loading iSCSI transport class v2.0-870.
[    5.764863] systemd[1]: Listening on udev Control Socket.
[[0;32m  OK  [0m] Listening on udev Control Socket.
[    5.780432] iscsi: registered transport (tcp)
[    5.784086] systemd[1]: Mounting Debug File System...
         Mounting Debug File System...
[    5.790138] systemd[1]: Starting Set console keymap...
         Starting Set console keymap...
[    5.793716] systemd[1]: Reached target Slices.
[[0;32m  OK  [0m] Reached target Slices.
[    5.801948] systemd[1]: Mounted POSIX Message Queue File System.
[[0;32m  OK  [0m] Mounted POSIX Message Queue File System.
[    5.807708] systemd[1]: Mounted Debug File System.
[[0;32m  OK  [0m] Mounted Debug File System.
[    5.812396] systemd[1]: Mounted Huge Pages File System.
[[0;32m  OK  [0m] Mounted Huge Pages File System.
[    5.816959] systemd[1]: Started Journal Service.
[[0;32m  OK  [0m] Started Journal Service.
[    5.836688] iscsi: registered transport (iser)
[[0;32m  OK  [0m] Started Create list of required sta...ce nodes for the current kernel.
[[0;32m  OK  [0m] Started Uncomplicated firewall.
[[0;32m  OK  [0m] Started Remount Root and Kernel File Systems.
[[0;32m  OK  [0m] Started Load Kernel Modules.
[[0;32m  OK  [0m] Started Nameserver information manager.
[[0;32m  OK  [0m] Started LVM2 metadata daemon.
         Mounting FUSE Control File System...
         Starting Apply Kernel Variables...
         Starting udev Coldplug all Devices...
         Starting Load/Save Random Seed...
         Starting Create Static Device Nodes in /dev...
         Starting Flush Journal to Persistent Storage...
[[0;32m  OK  [0m] Mounted FUSE Control File System.
[[0;32m  OK  [0m] Started Set console keymap.
[[0;32m  OK  [0m] Started Apply Kernel Variables.
[[0;32m  OK  [0m] Started Load/Save Random Seed.
[[0;32m  OK  [0m] Started Create Static Device Nodes in /dev.
[[0;32m  OK  [0m] Started Flush Journal to Persistent Storage.
         Starting udev Kernel Device Manager...
[[0;32m  OK  [0m] Started udev Coldplug all Devices.
[[0;32m  OK  [0m] Started udev Kernel Device Manager.
[[0;32m  OK  [0m] Started Dispatch Password Requests to Console Directory Watch.
[[0;32m  OK  [0m] Found device /dev/ttyS0.
[[0;32m  OK  [0m] Listening on Load/Save RF Kill Switch Status /dev/rfkill Watch.
[[0;32m  OK  [0m] Started Monitoring of LVM2 mirrors,...ng dmeventd or progress polling.
[[0;32m  OK  [0m] Reached target Local File Systems (Pre).
[[0;32m  OK  [0m] Reached target Local File Systems.
         Starting Commit a transient machine-id on disk...
         Starting Initial cloud-init job (pre-networking)...
         Starting Create Volatile Files and Directories...
         Starting Tell Plymouth To Write Out Runtime Data...
         Starting Set console font and keymap...
         Starting LSB: AppArmor initialization...
[[0;32m  OK  [0m] Started Commit a transient machine-id on disk.
[[0;32m  OK  [0m] Started Create Volatile Files and Directories.
[[0;32m  OK  [0m] Started Tell Plymouth To Write Out Runtime Data.
         Starting Update UTMP about System Boot/Shutdown...
[[0;32m  OK  [0m] Started Update UTMP about System Boot/Shutdown.
[[0;32m  OK  [0m] Started Set console font and keymap.
[[0;32m  OK  [0m] Created slice system-getty.slice.
[    7.570980] cloud-init[610]: Cloud-init v. 20.2-45-g5f7825e2-0ubuntu1~16.04.1 running 'init-local' at Wed, 29 Jul 2020 06:52:50 +0000. Up 7.09 seconds.
[[0;32m  OK  [0m] Started LSB: AppArmor initialization.
         Starting Load AppArmor profiles managed internally by snapd...
[[0;32m  OK  [0m] Started Initial cloud-init job (pre-networking).
[[0;32m  OK  [0m] Reached target Network (Pre).
         Starting Raise network interfaces...
[[0;32m  OK  [0m] Started Load AppArmor profiles managed internally by snapd.
[[0;32m  OK  [0m] Started Raise network interfaces.
[[0;32m  OK  [0m] Reached target Network.
         Starting Initial cloud-init job (metadata service crawler)...
[    8.937792] cloud-init[960]: Cloud-init v. 20.2-45-g5f7825e2-0ubuntu1~16.04.1 running 'init' at Wed, 29 Jul 2020 06:52:51 +0000. Up 8.13 seconds.
[    8.941187] cloud-init[960]: ci-info: ++++++++++++++++++++++++++++++++++++++Net device info+++++++++++++++++++++++++++++++++++++++
[    8.944335] cloud-init[960]: ci-info: +--------+-------+----------------------------+---------------+--------+-------------------+
[    8.947621] cloud-init[960]: ci-info: | Device |   Up  |          Address           |      Mask     | Scope  |     Hw-Address    |
[    8.950723] cloud-init[960]: ci-info: +--------+-------+----------------------------+---------------+--------+-------------------+
[    8.953869] cloud-init[960]: ci-info: | enp0s3 |  True |         10.0.2.15          | 255.255.255.0 | global | 02:e5:f9:b1:f5:c2 |
[    8.957067] cloud-init[960]: ci-info: | enp0s3 |  True | fe80::e5:f9ff:feb1:f5c2/64 |       .       |  link  | 02:e5:f9:b1:f5:c2 |
[    8.960366] cloud-init[960]: ci-info: | enp0s8 | False |             .              |       .       |   .    | 08:00:27:67:00:82 |
[    8.963436] cloud-init[960]: ci-info: |   lo   |  True |         127.0.0.1          |   255.0.0.0   |  host  |         .         |
[    8.966631] cloud-init[960]: ci-info: |   lo   |  True |          ::1/128           |       .       |  host  |         .         |
[    8.969886] cloud-init[960]: ci-info: +--------+-------+----------------------------+---------------+--------+-------------------+
[    8.973172] cloud-init[960]: ci-info: +++++++++++++++++++++++++++Route IPv4 info++++++++++++++++++++++++++++
[    8.976097] cloud-init[960]: ci-info: +-------+-------------+----------+---------------+-----------+-------+
[    8.978864] cloud-init[960]: ci-info: | Route | Destination | Gateway  |    Genmask    | Interface | Flags |
[    8.989341] cloud-init[960]: ci-info: +-------+-------------+----------+---------------+-----------+-------+
[    8.991157] cloud-init[960]: ci-info: |   0   |   0.0.0.0   | 10.0.2.2 |    0.0.0.0    |   enp0s3  |   UG  |
[    8.992904] cloud-init[960]: ci-info: |   1   |   10.0.2.0  | 0.0.0.0  | 255.255.255.0 |   enp0s3  |   U   |
[    8.994548] cloud-init[960]: ci-info: +-------+-------------+----------+---------------+-----------+-------+
[    9.001088] cloud-init[960]: ci-info: +++++++++++++++++++Route IPv6 info+++++++++++++++++++
[    9.008747] cloud-init[960]: ci-info: +-------+-------------+---------+-----------+-------+
[    9.016607] cloud-init[960]: ci-info: | Route | Destination | Gateway | Interface | Flags |
[[0;32m  OK  [0m] Started Initial cloud-init job (metadata service crawler).
[[0;32m  OK  [0m] Reached target System Initialization.
[[0;32m  OK  [0m] Listening on ACPID Listen Socket.
[    9.026616] cloud-init[960]: ci-info: +-------+-------------+---------+-----------+-------+[[0;32m  OK  [0m] Started ACPI Events Check.
[[0;32m  OK  [0m] Reached target Paths.
[[0;32m  OK  [0m] Started Message of the Day.
[[0;32m  OK  [0m] Started Daily Cleanup of Temporary Directories.
[[0;32m  OK  [0m] Listening on D-Bus System Message Bus Socket.
         Starting Socket activation for snappy daemon.
[[0;32m  OK  [0m] Listening on UUID daemon activation socket.
[[0;32m  OK  [0m] Started Daily apt download activities.
[[0;32m  OK  [0m] Started Daily apt upgrade and clean activities.
[[0;32m  OK  [0m] Reached target Timers.
         
Starting LXD - unix socket.
[[    9.040693] [0;32m  OK  [0mcloud-init] [960]: Reached target Cloud-config availability.ci-info: |   0   |  fe80::/64  |    ::   |   enp0s3  |   U   |

[[    9.052462] [0;32m  OK  [0mcloud-init] [960]: Reached target Network is Online.ci-info: |   3   |   ff00::/8  |    ::   |   enp0s3  |   U   |

[    9.052822] cloud-init[960]: ci-info: +-------+-------------+---------+-----------+-------+
[    9.057534] cloud-init[960]: Generating public/private rsa key pair.
[    9.059052] cloud-init[960]: Your identification has been saved in /etc/ssh/ssh_host_rsa_key.
[    9.061242] cloud-init[960]: Your public key has been saved in /etc/ssh/ssh_host_rsa_key.pub.
[    9.063088] cloud-init[960]: The key fingerprint is:
[    9.073192] cloud-init[960]: SHA256:gJEHE35KU9exM7zGhelHgZwQ3OCDyUjj82XzYSHYvwo root@ubuntu-xenial
[    9.075497] cloud-init[960]: The key's randomart image is:
[    9.077121] cloud-init[960]: +---[RSA 2048]----+
[    9.077554] cloud-init[960]: |    B+.+*Bo+.    |
[    9.077935] cloud-init[960]: |   +.Oo=oo*= .   |
[    9.078390] cloud-init[960]: |    O.* *.X o    |
[    9.078961] cloud-init[960]: |   . * + B.B     |
[    9.079528] cloud-init[960]: |    . . S *..    |
[    9.080050] cloud-init[960]: |      E  ...     |
[    9.080631] cloud-init[960]: |       . .       |
[    9.081145] cloud-init[960]: |        .        |
[    9.081714] cloud-init[960]: |                 |
[    9.082253] cloud-init[960]: +----[SHA256]-----+
[    9.082772] cloud-init[960]: Generating public/private dsa key pair.
[    9.083262] cloud-init[960]: Your identification has been saved in /etc/ssh/ssh_host_dsa_key.
[    9.083778] cloud-init[960]: Your public key has been saved in /etc/ssh/ssh_host_dsa_key.pub.
[    9.084439] cloud-init[960]: The key fingerprint is:
[    9.084955] cloud-init[960]: SHA256:q+yQDFYG2aXqY+BYnJFFyenc3T+MWvJ6C6K+bu69pLE root@ubuntu-xenial
[    9.085544] cloud-init[960]: The key's randomart image is:
[    9.086134] cloud-init[960]: +---[DSA 1024]----+
[    9.086649] cloud-init[960]: |  .=o+.          |
[    9.087228] cloud-init[960]: |  .+=.           |
[    9.087767] cloud-init[960]: |  oo+. . .       |
[    9.088127] cloud-init[960]: | . *o . . .      |
[    9.088626] cloud-init[960]: |. B     S  +     |
[    9.089225] cloud-init[960]: |o= o .  ..o +    |
[    9.089757] cloud-init[960]: |..+ = o o=   .   |
[    9.090353] cloud-init[960]: | . ..X o..o      |
[    9.090893] cloud-init[960]: |   *Eo*..o..     |
[    9.091478] cloud-init[960]: +----[SHA256]-----+
[    9.092309] cloud-init[960]: Generating public/private ecdsa key pair.
[    9.092834] cloud-init[960]: Your identification has been saved in /etc/ssh/ssh_host_ecdsa_key.
[    9.093420] cloud-init[960]: Your public key has been saved in /etc/ssh/ssh_host_ecdsa_key.pub.
[    9.093983] cloud-init[960]: The key fingerprint is:
[    9.094527] cloud-init[960]: SHA256:GxAWIPDQkvAN3o4Vgo4dDqxGOM/aCbXfMiwCo7k4IRc root@ubuntu-xenial
[    9.095114] cloud-init[960]: The key's randomart image is:
[    9.095658] cloud-init[960]: +---[ECDSA 256]---+
[    9.096225] cloud-init[960]: |B=+ o.+.         |
[    9.096732] cloud-init[960]: |BB+* o .         |
[    9.097325] cloud-init[960]: |=X+o+ .          |
[    9.097901] cloud-init[960]: |*oE+   .         |
[    9.098806] cloud-init[960]: |+*.=..  S        |
[    9.099287] cloud-init[960]: |B = = .  o       |
[    9.100128] cloud-init[960]: |o= . o  .        |
[    9.100627] cloud-init[960]: |+                |
[    9.101198] cloud-init[960]: | .               |
[    9.102050] cloud-init[960]: +----[SHA256]-----+
[    9.102577] cloud-init[960]: Generating public/private ed25519 key pair.
[    9.103154] cloud-init[960]: Your identification has been saved in /etc/ssh/ssh_host_ed25519_key.
[    9.103881] cloud-init[960]: Your public key has been saved in /etc/ssh/ssh_host_ed25519_key.pub.
[    9.104372] cloud-init[960]: The key fingerprint is:
[    9.105488] cloud-init[960]: SHA256:VP+JESBbP0ruZbTmC0+Qp0AY9IVoXXbP469wAWV3Nf0 root@ubuntu-xenial
[    9.106046] cloud-init[960]: The key's randomart image is:
[    9.106603] cloud-init[960]: +--[ED25519 256]--+
[    9.107141] cloud-init[960]: |     .oo.oB.o o.*|
[    9.107708] cloud-init[960]: |      o+oB + * .+|
[    9.108487] cloud-init[960]: |     .. = . B + .|
[    9.109059] cloud-init[960]: |       o o + O oE|
[    9.109631] cloud-init[960]: |        S = B =  |
[    9.110161] cloud-init[960]: |         o O   o |
[    9.110615] cloud-init[960]: |          + + . .|
[    9.111113] cloud-init[960]: |           + + . |
[    9.111689] cloud-init[960]: |            o .  |
[    9.112189] cloud-init[960]: +----[SHA256]-----+
         Starting iSCSI initiator daemon (iscsid)...
[[0;32m  OK  [0m] Listening on Socket activation for snappy daemon.
[[0;32m  OK  [0m] Listening on LXD - unix socket.
[[0;32m  OK  [0m] Reached target Sockets.
[[0;32m  OK  [0m] Reached target Basic System.
         Starting System Logging Service...
         Starting Accounts Service...
[[0;32m  OK  [0m] Started ACPI event daemon.
[[0;32m  OK  [0m] Started Deferred execution scheduler.
         Starting LSB: MD monitoring daemon...
[[0;32m  OK  [0m] Started D-Bus System Message Bus.
[[0;32m  OK  [0m] Started Regular background program processing daemon.
         Starting Virtualbox guest utils...
         Starting Snap Daemon...
         Starting LSB: Record successful boot for GRUB...
         Starting Pollinate to seed the pseudo random number generator...
[[0;32m  OK  [0m] Started FUSE filesystem for LXC.
         Starting LXD - container startup/shutdown...
         Starting Login Service...
         Starting /etc/rc.local Compatibility...
[[0;32m  OK  [0m] Started System Logging Service.
         Starting Authenticate and Authorize Users to Run Privileged Tasks...
[[0;32m  OK  [0m] Started /etc/rc.local Compatibility.
[[0;32m  OK  [0m] Started iSCSI initiator daemon (iscsid).
         Starting Login to default iSCSI targets...
[[0;32m  OK  [0m] Started LSB: MD monitoring daemon.
[[0;32m  OK  [0m] Started Login Service.
[[0;32m  OK  [0m] Started Unattended Upgrades Shutdown.
[[0;32m  OK  [0m] Started Authenticate and Authorize Users to Run Privileged Tasks.
[[0;32m  OK  [0m] Started Accounts Service.
[[0;32m  OK  [0m] Started LSB: Record successful boot for GRUB.
[[0;32m  OK  [0m] Started Login to default iSCSI targets.
[[0;32m  OK  [0m] Reached target Remote File Systems (Pre).
[[0;32m  OK  [0m] Reached target Remote File Systems.
         Starting LSB: automatic crash report generation...
         Starting LSB: daemon to balance interrupts for SMP systems...
         Starting LSB: Set the CPU Frequency Scaling governor to "ondemand"...
         Starting Permit User Sessions...
[[0;32m  OK  [0m] Started Permit User Sessions.
         Starting Terminate Plymouth Boot Screen...
         Starting Hold until boot process finishes up...
[[0;32m  OK  [0m] Started Terminate Plymouth Boot Screen.
[[0;32m  OK  [0m] Started Hold until boot process finishes up.
[[0;32m  OK  [0m] Started Getty on tty1.
[[0;32m  OK  [0m] Started Serial Getty on ttyS0.
[[0;32m  OK  [0m] Reached target Login Prompts.
         Starting Set console scheme...
[[0;32m  OK  [0m] Started Set console scheme.
[[0;32m  OK  [0m] Started LSB: Set the CPU Frequency Scaling governor to "ondemand".
[[0;32m  OK  [0m] Started LSB: automatic crash report generation.
[[0;32m  OK  [0m] Started LXD - container startup/shutdown.
[[0;32m  OK  [0m] Started LSB: daemon to balance interrupts for SMP systems.
[[0;32m  OK  [0m] Started Virtualbox guest utils.
[[0;32m  OK  [0m] Started Snap Daemon.
         Starting Wait until snapd is fully seeded...
[[0;32m  OK  [0m] Started Pollinate to seed the pseudo random number generator.
         Starting OpenBSD Secure Shell server...
[[0;32m  OK  [0m] Started OpenBSD Secure Shell server.
[[0;32m  OK  [0m] Created slice User Slice of vagrant.
         Starting User Manager for UID 1000...
[[0;32m  OK  [0m] Started Session 1 of user vagrant.
[[0;32m  OK  [0m] Started User Manager for UID 1000.
[[0;32m  OK  [0m] Started Wait until snapd is fully seeded.
         Starting Apply the settings specified in cloud-config...
[[0;32m  OK  [0m] Reached target Multi-User System.
[[0;32m  OK  [0m] Reached target Graphical Interface.
         Starting Update UTMP about System Runlevel Changes...
[[0;32m  OK  [0m] Started Update UTMP about System Runlevel Changes.
[   13.183147] cloud-init[1379]: Generating locales (this might take a while)...
[   14.086216] cloud-init[1379]:   en_US.UTF-8... done
[   14.092649] cloud-init[1379]: Generation complete.
[   14.564651] cloud-init[1379]: Cloud-init v. 20.2-45-g5f7825e2-0ubuntu1~16.04.1 running 'modules:config' at Wed, 29 Jul 2020 06:52:56 +0000. Up 13.06 seconds.
ci-info: no authorized SSH keys fingerprints found for user ubuntu.
<14>Jul 29 06:52:58 ec2: 
<14>Jul 29 06:52:58 ec2: #############################################################
<14>Jul 29 06:52:58 ec2: -----BEGIN SSH HOST KEY FINGERPRINTS-----
<14>Jul 29 06:52:58 ec2: 1024 SHA256:q+yQDFYG2aXqY+BYnJFFyenc3T+MWvJ6C6K+bu69pLE root@ubuntu-xenial (DSA)
<14>Jul 29 06:52:58 ec2: 256 SHA256:GxAWIPDQkvAN3o4Vgo4dDqxGOM/aCbXfMiwCo7k4IRc root@ubuntu-xenial (ECDSA)
<14>Jul 29 06:52:58 ec2: 256 SHA256:VP+JESBbP0ruZbTmC0+Qp0AY9IVoXXbP469wAWV3Nf0 root@ubuntu-xenial (ED25519)
<14>Jul 29 06:52:58 ec2: 2048 SHA256:gJEHE35KU9exM7zGhelHgZwQ3OCDyUjj82XzYSHYvwo root@ubuntu-xenial (RSA)
<14>Jul 29 06:52:58 ec2: -----END SSH HOST KEY FINGERPRINTS-----
<14>Jul 29 06:52:58 ec2: #############################################################
-----BEGIN SSH HOST KEY KEYS-----
ecdsa-sha2-nistp256 AAAAE2VjZHNhLXNoYTItbmlzdHAyNTYAAAAIbmlzdHAyNTYAAABBBNIYJ78Fy5WZKF4Dgkvc6kWswM3t8ps05lR42vpHnZ1SAqSFVfVRt3x7xbIEi6PV2rapcfExmfk6UiR3I4YDLak= root@ubuntu-xenial
ssh-ed25519 AAAAC3NzaC1lZDI1NTE5AAAAIMrH4ucXQmPFwI6gF3vAkYxCRhJdBbybEFJalVEQTVoL root@ubuntu-xenial
ssh-rsa AAAAB3NzaC1yc2EAAAADAQABAAABAQDEVYG2wYAlk9Umn3V26/rFWXAvzdgkXNZKtLZm7CDoJLP2uxKNZuICwayMzkkebrLRIRtDQ8tyGFO+6fXuZjJ/OeAlZ9nfMT7ZjSJF8jr2T/bKgWFoxWinjmZH/d+3np1oCDH3eBzVB7dY0t5TWT2Jwlki+yQvpNlheX2y6JQRnBbD8es6GHClyNmAmFYT9Tgb1onO/bDzhzO3iT5AM7ru5/+fduLaZBv4V2r9dA179eeIc7qg1NBKZHYidxK4l/S2B/+yAJDbywuYTSd4gzSJu42LV1xypooRWAiDPZbAiXfuIkFjbATlXwQkmwBSjJpHMhB8AlMqRQ34tNnmEZeF root@ubuntu-xenial
-----END SSH HOST KEY KEYS-----
[   15.114290] cloud-init[1555]: Cloud-init v. 20.2-45-g5f7825e2-0ubuntu1~16.04.1 running 'modules:final' at Wed, 29 Jul 2020 06:52:58 +0000. Up 14.95 seconds.
[   15.114584] cloud-init[1555]: ci-info: no authorized SSH keys fingerprints found for user ubuntu.
[   15.115268] cloud-init[1555]: Cloud-init v. 20.2-45-g5f7825e2-0ubuntu1~16.04.1 finished at Wed, 29 Jul 2020 06:52:58 +0000. Datasource DataSourceNoCloud [seed=/dev/sdb][dsmode=net].  Up 15.10 seconds

Ubuntu 16.04.6 LTS ubuntu-xenial ttyS0

ubuntu-xenial login: 